---
source: crates/kube-ext/tests/projections.rs
assertion_line: 39
expression: value
---
{
  "data": [
    {
      "from_string_data": false,
      "key": "tls.crt",
      "size": 2,
      "value_b64": "TFM="
    },
    {
      "from_string_data": false,
      "key": "tls.key",
      "size": 3,
      "value_b64": "S0VZ"
    }
  ],
  "immutable": false,
  "meta": {
    "annotations": [],
    "controlled_by": null,
    "created_at": "2026-03-15T08:00:00Z",
    "generation": null,
    "labels": [],
    "managers": [],
    "name": "tls-cert",
    "namespace": "ingress-nginx",
    "uid": "secret-uid"
  },
  "type_": "kubernetes.io/tls"
}
